File Name: peer_6886.log
Creation Date/Time: 2026-08-15 01:03:14
Last Modified Date/Time: 2026-08-15 01:04:01

--- EVENTS ---
Event Type: PEER_STARTED
Date/Time: 2026-08-15 01:03:14
Description: Listening on port 6886
--------------------------------------------------
Event Type: TRACKER_RESPONSE
Date/Time: 2026-08-15 01:03:14
Description: Received 0 peers
--------------------------------------------------
Event Type: PEER_HANDSHAKE
Date/Time: 2026-08-15 01:03:14
Description: Handshake completed with ('127.0.0.1', 60892)
--------------------------------------------------
Event Type: BITFIELD_RECEIVED
Date/Time: 2026-08-15 01:03:14
Description: Peer ('127.0.0.1', 60892) has pieces []
--------------------------------------------------
Event Type: BITFIELD_SENT
Date/Time: 2026-08-15 01:03:14
Description: Sent bitfield e0 to ('127.0.0.1', 60892)
--------------------------------------------------
Event Type: INTERESTED_RECEIVED
Date/Time: 2026-08-15 01:03:14
Description: Peer ('127.0.0.1', 60892) is interested
--------------------------------------------------
Event Type: UNCHOKE_SENT
Date/Time: 2026-08-15 01:03:14
Description: Unchoked peer ('127.0.0.1', 60892)
--------------------------------------------------
Event Type: PIECE_SENT
Date/Time: 2026-08-15 01:03:14
Description: Sent piece 0 bytes 0:10 to ('127.0.0.1', 60892)
--------------------------------------------------
Event Type: HAVE_RECEIVED
Date/Time: 2026-08-15 01:03:14
Description: Peer ('127.0.0.1', 60892) now has piece 0
--------------------------------------------------
Event Type: PIECE_SENT
Date/Time: 2026-08-15 01:03:14
Description: Sent piece 1 bytes 0:10 to ('127.0.0.1', 60892)
--------------------------------------------------
Event Type: HAVE_RECEIVED
Date/Time: 2026-08-15 01:03:14
Description: Peer ('127.0.0.1', 60892) now has piece 1
--------------------------------------------------
Event Type: PIECE_SENT
Date/Time: 2026-08-15 01:03:14
Description: Sent piece 2 bytes 0:6 to ('127.0.0.1', 60892)
--------------------------------------------------
Event Type: HAVE_RECEIVED
Date/Time: 2026-08-15 01:03:14
Description: Peer ('127.0.0.1', 60892) now has piece 2
--------------------------------------------------
Event Type: NOT_INTERESTED_RECEIVED
Date/Time: 2026-08-15 01:03:14
Description: Peer ('127.0.0.1', 60892) is not interested
--------------------------------------------------
Event Type: PEER_PING_SENT
Date/Time: 2026-08-15 01:03:29
Description: Sent keep-alive to ('127.0.0.1', 60892)
--------------------------------------------------
Event Type: PEER_PING_RECEIVED
Date/Time: 2026-08-15 01:03:29
Description: Received keep-alive from ('127.0.0.1', 60892)
--------------------------------------------------
Event Type: PEER_PING_SENT
Date/Time: 2026-08-15 01:03:44
Description: Sent keep-alive to ('127.0.0.1', 60892)
--------------------------------------------------
Event Type: TRACKER_RESPONSE
Date/Time: 2026-08-15 01:03:44
Description: Received 1 peers
--------------------------------------------------
Event Type: PEER_PING_RECEIVED
Date/Time: 2026-08-15 01:03:44
Description: Received keep-alive from ('127.0.0.1', 60892)
--------------------------------------------------
Event Type: PEER_DISCONNECTED
Date/Time: 2026-08-15 01:03:56
Description: Connection with ('127.0.0.1', 60892) ended: peer closed the connection before all data was received
--------------------------------------------------
Event Type: PEER_STOPPED
Date/Time: 2026-08-15 01:04:01
Description: Peer on port 6886 stopped
--------------------------------------------------
