File Name: peer_6891.log
Creation Date/Time: 2026-08-13 19:11:13
Last Modified Date/Time: 2026-08-14 00:43:12

--- EVENTS ---
Event Type: PEER_STARTED
Date/Time: 2026-08-13 19:11:13
Description: Listening on port 6891
--------------------------------------------------
Event Type: TRACKER_RESPONSE
Date/Time: 2026-08-13 19:11:13
Description: Received 0 peers
--------------------------------------------------
Event Type: PEER_STOPPED
Date/Time: 2026-08-13 19:11:15
Description: Peer on port 6891 stopped
--------------------------------------------------
Event Type: PEER_STARTED
Date/Time: 2026-08-14 00:43:10
Description: Listening on port 6891
--------------------------------------------------
Event Type: TRACKER_RESPONSE
Date/Time: 2026-08-14 00:43:10
Description: Received 0 peers
--------------------------------------------------
Event Type: PEER_STOPPED
Date/Time: 2026-08-14 00:43:12
Description: Peer on port 6891 stopped
--------------------------------------------------
