File Name: peer_6885.log
Creation Date/Time: 2026-08-14 05:01:51
Last Modified Date/Time: 2026-08-14 05:02:47

--- EVENTS ---
Event Type: PEER_STARTED
Date/Time: 2026-08-14 05:01:51
Description: Listening on port 6885
--------------------------------------------------
Event Type: TRACKER_RESPONSE
Date/Time: 2026-08-14 05:01:51
Description: Received 1 peers
--------------------------------------------------
Event Type: PEER_HANDSHAKE
Date/Time: 2026-08-14 05:01:51
Description: Handshake completed with ('127.0.0.1', 6884)
--------------------------------------------------
Event Type: BITFIELD_SENT
Date/Time: 2026-08-14 05:01:51
Description: Sent bitfield 00 to ('127.0.0.1', 6884)
--------------------------------------------------
Event Type: BITFIELD_RECEIVED
Date/Time: 2026-08-14 05:01:51
Description: Peer ('127.0.0.1', 6884) has pieces [0]
--------------------------------------------------
Event Type: INTERESTED_SENT
Date/Time: 2026-08-14 05:01:51
Description: Interested in pieces from ('127.0.0.1', 6884)
--------------------------------------------------
Event Type: UNCHOKE_RECEIVED
Date/Time: 2026-08-14 05:01:51
Description: Peer ('127.0.0.1', 6884) unchoked us
--------------------------------------------------
Event Type: REQUEST_SENT
Date/Time: 2026-08-14 05:01:51
Description: Requested piece 0 bytes 0:495 from ('127.0.0.1', 6884)
--------------------------------------------------
Event Type: PIECE_RECEIVED
Date/Time: 2026-08-14 05:01:51
Description: Received piece 0 bytes 0:495 from ('127.0.0.1', 6884)
--------------------------------------------------
Event Type: PIECE_VERIFIED
Date/Time: 2026-08-14 05:01:51
Description: Piece 0 passed SHA-1 verification
--------------------------------------------------
Event Type: HAVE_SENT
Date/Time: 2026-08-14 05:01:51
Description: Sent piece 0 to ('127.0.0.1', 6884)
--------------------------------------------------
Event Type: NOT_INTERESTED_SENT
Date/Time: 2026-08-14 05:01:51
Description: No longer interested in ('127.0.0.1', 6884)
--------------------------------------------------
Event Type: DOWNLOAD_COMPLETED
Date/Time: 2026-08-14 05:01:51
Description: All pieces were downloaded and verified
--------------------------------------------------
Event Type: PEER_PING_RECEIVED
Date/Time: 2026-08-14 05:01:52
Description: Received keep-alive from ('127.0.0.1', 6884)
--------------------------------------------------
Event Type: PEER_PING_SENT
Date/Time: 2026-08-14 05:02:06
Description: Sent keep-alive to ('127.0.0.1', 6884)
--------------------------------------------------
Event Type: PEER_PING_RECEIVED
Date/Time: 2026-08-14 05:02:07
Description: Received keep-alive from ('127.0.0.1', 6884)
--------------------------------------------------
Event Type: PEER_PING_SENT
Date/Time: 2026-08-14 05:02:21
Description: Sent keep-alive to ('127.0.0.1', 6884)
--------------------------------------------------
Event Type: TRACKER_RESPONSE
Date/Time: 2026-08-14 05:02:21
Description: Received 1 peers
--------------------------------------------------
Event Type: PEER_PING_RECEIVED
Date/Time: 2026-08-14 05:02:22
Description: Received keep-alive from ('127.0.0.1', 6884)
--------------------------------------------------
Event Type: PEER_PING_SENT
Date/Time: 2026-08-14 05:02:36
Description: Sent keep-alive to ('127.0.0.1', 6884)
--------------------------------------------------
Event Type: PEER_PING_RECEIVED
Date/Time: 2026-08-14 05:02:37
Description: Received keep-alive from ('127.0.0.1', 6884)
--------------------------------------------------
Event Type: PEER_STOPPED
Date/Time: 2026-08-14 05:02:47
Description: Peer on port 6885 stopped
--------------------------------------------------
