File Name: peer_6884.log
Creation Date/Time: 2026-08-14 05:00:52
Last Modified Date/Time: 2026-08-14 05:02:52

--- EVENTS ---
Event Type: PEER_STARTED
Date/Time: 2026-08-14 05:00:52
Description: Listening on port 6884
--------------------------------------------------
Event Type: TRACKER_RESPONSE
Date/Time: 2026-08-14 05:00:52
Description: Received 1 peers
--------------------------------------------------
Event Type: PEER_HANDSHAKE
Date/Time: 2026-08-14 05:00:52
Description: Handshake completed with ('127.0.0.1', 6883)
--------------------------------------------------
Event Type: BITFIELD_SENT
Date/Time: 2026-08-14 05:00:52
Description: Sent bitfield 00 to ('127.0.0.1', 6883)
--------------------------------------------------
Event Type: BITFIELD_RECEIVED
Date/Time: 2026-08-14 05:00:52
Description: Peer ('127.0.0.1', 6883) has pieces [0]
--------------------------------------------------
Event Type: INTERESTED_SENT
Date/Time: 2026-08-14 05:00:52
Description: Interested in pieces from ('127.0.0.1', 6883)
--------------------------------------------------
Event Type: UNCHOKE_RECEIVED
Date/Time: 2026-08-14 05:00:52
Description: Peer ('127.0.0.1', 6883) unchoked us
--------------------------------------------------
Event Type: REQUEST_SENT
Date/Time: 2026-08-14 05:00:52
Description: Requested piece 0 bytes 0:495 from ('127.0.0.1', 6883)
--------------------------------------------------
Event Type: PIECE_RECEIVED
Date/Time: 2026-08-14 05:00:52
Description: Received piece 0 bytes 0:495 from ('127.0.0.1', 6883)
--------------------------------------------------
Event Type: PIECE_VERIFIED
Date/Time: 2026-08-14 05:00:52
Description: Piece 0 passed SHA-1 verification
--------------------------------------------------
Event Type: HAVE_SENT
Date/Time: 2026-08-14 05:00:52
Description: Sent piece 0 to ('127.0.0.1', 6883)
--------------------------------------------------
Event Type: NOT_INTERESTED_SENT
Date/Time: 2026-08-14 05:00:52
Description: No longer interested in ('127.0.0.1', 6883)
--------------------------------------------------
Event Type: DOWNLOAD_COMPLETED
Date/Time: 2026-08-14 05:00:52
Description: All pieces were downloaded and verified
--------------------------------------------------
Event Type: PEER_PING_RECEIVED
Date/Time: 2026-08-14 05:00:56
Description: Received keep-alive from ('127.0.0.1', 6883)
--------------------------------------------------
Event Type: PEER_PING_SENT
Date/Time: 2026-08-14 05:01:07
Description: Sent keep-alive to ('127.0.0.1', 6883)
--------------------------------------------------
Event Type: PEER_PING_RECEIVED
Date/Time: 2026-08-14 05:01:11
Description: Received keep-alive from ('127.0.0.1', 6883)
--------------------------------------------------
Event Type: PEER_PING_SENT
Date/Time: 2026-08-14 05:01:22
Description: Sent keep-alive to ('127.0.0.1', 6883)
--------------------------------------------------
Event Type: TRACKER_RESPONSE
Date/Time: 2026-08-14 05:01:22
Description: Received 1 peers
--------------------------------------------------
Event Type: PEER_PING_RECEIVED
Date/Time: 2026-08-14 05:01:26
Description: Received keep-alive from ('127.0.0.1', 6883)
--------------------------------------------------
Event Type: PEER_DISCONNECTED
Date/Time: 2026-08-14 05:01:36
Description: Connection with ('127.0.0.1', 6883) ended: peer closed the connection before all data was received
--------------------------------------------------
Event Type: PEER_HANDSHAKE
Date/Time: 2026-08-14 05:01:51
Description: Handshake completed with ('127.0.0.1', 44174)
--------------------------------------------------
Event Type: BITFIELD_RECEIVED
Date/Time: 2026-08-14 05:01:51
Description: Peer ('127.0.0.1', 44174) has pieces []
--------------------------------------------------
Event Type: BITFIELD_SENT
Date/Time: 2026-08-14 05:01:51
Description: Sent bitfield 80 to ('127.0.0.1', 44174)
--------------------------------------------------
Event Type: INTERESTED_RECEIVED
Date/Time: 2026-08-14 05:01:51
Description: Peer ('127.0.0.1', 44174) is interested
--------------------------------------------------
Event Type: UNCHOKE_SENT
Date/Time: 2026-08-14 05:01:51
Description: Unchoked peer ('127.0.0.1', 44174)
--------------------------------------------------
Event Type: PIECE_SENT
Date/Time: 2026-08-14 05:01:51
Description: Sent piece 0 bytes 0:495 to ('127.0.0.1', 44174)
--------------------------------------------------
Event Type: HAVE_RECEIVED
Date/Time: 2026-08-14 05:01:51
Description: Peer ('127.0.0.1', 44174) now has piece 0
--------------------------------------------------
Event Type: NOT_INTERESTED_RECEIVED
Date/Time: 2026-08-14 05:01:51
Description: Peer ('127.0.0.1', 44174) is not interested
--------------------------------------------------
Event Type: PEER_PING_SENT
Date/Time: 2026-08-14 05:01:52
Description: Sent keep-alive to ('127.0.0.1', 44174)
--------------------------------------------------
Event Type: TRACKER_RESPONSE
Date/Time: 2026-08-14 05:01:52
Description: Received 1 peers
--------------------------------------------------
Event Type: PEER_PING_RECEIVED
Date/Time: 2026-08-14 05:02:06
Description: Received keep-alive from ('127.0.0.1', 44174)
--------------------------------------------------
Event Type: PEER_PING_SENT
Date/Time: 2026-08-14 05:02:07
Description: Sent keep-alive to ('127.0.0.1', 44174)
--------------------------------------------------
Event Type: PEER_PING_RECEIVED
Date/Time: 2026-08-14 05:02:21
Description: Received keep-alive from ('127.0.0.1', 44174)
--------------------------------------------------
Event Type: PEER_PING_SENT
Date/Time: 2026-08-14 05:02:22
Description: Sent keep-alive to ('127.0.0.1', 44174)
--------------------------------------------------
Event Type: TRACKER_RESPONSE
Date/Time: 2026-08-14 05:02:22
Description: Received 1 peers
--------------------------------------------------
Event Type: PEER_PING_RECEIVED
Date/Time: 2026-08-14 05:02:36
Description: Received keep-alive from ('127.0.0.1', 44174)
--------------------------------------------------
Event Type: PEER_PING_SENT
Date/Time: 2026-08-14 05:02:37
Description: Sent keep-alive to ('127.0.0.1', 44174)
--------------------------------------------------
Event Type: PEER_DISCONNECTED
Date/Time: 2026-08-14 05:02:47
Description: Connection with ('127.0.0.1', 44174) ended: peer closed the connection before all data was received
--------------------------------------------------
Event Type: PEER_STOPPED
Date/Time: 2026-08-14 05:02:52
Description: Peer on port 6884 stopped
--------------------------------------------------
