File Name: peer_6882.log
Creation Date/Time: 2026-08-13 02:24:44
Last Modified Date/Time: 2026-08-13 04:20:40

--- EVENTS ---
Event Type: PEER_STARTED
Date/Time: 2026-08-13 02:24:44
Description: Listening on port 6882
--------------------------------------------------
Event Type: TRACKER_RESPONSE
Date/Time: 2026-08-13 02:24:44
Description: Received 1 peers
--------------------------------------------------
Event Type: PEER_STARTED
Date/Time: 2026-08-13 03:36:39
Description: Listening on port 6882
--------------------------------------------------
Event Type: TRACKER_RESPONSE
Date/Time: 2026-08-13 03:36:39
Description: Received 1 peers
--------------------------------------------------
Event Type: PEER_HANDSHAKE
Date/Time: 2026-08-13 03:36:39
Description: Handshake completed with ('127.0.0.1', 6881)
--------------------------------------------------
Event Type: PEER_STARTED
Date/Time: 2026-08-13 04:19:41
Description: Listening on port 6882
--------------------------------------------------
Event Type: TRACKER_RESPONSE
Date/Time: 2026-08-13 04:19:41
Description: Received 1 peers
--------------------------------------------------
Event Type: PEER_HANDSHAKE
Date/Time: 2026-08-13 04:19:41
Description: Handshake completed with ('127.0.0.1', 6881)
--------------------------------------------------
Event Type: PEER_STARTED
Date/Time: 2026-08-13 04:20:40
Description: Listening on port 6882
--------------------------------------------------
Event Type: TRACKER_RESPONSE
Date/Time: 2026-08-13 04:20:40
Description: Received 1 peers
--------------------------------------------------
Event Type: PEER_HANDSHAKE
Date/Time: 2026-08-13 04:20:40
Description: Handshake completed with ('127.0.0.1', 6881)
--------------------------------------------------
